Archive member included to satisfy reference by file (symbol)

D:/coding_tools/arm-gnu-toolchain-rel1-eabi/bin/../lib/gcc/arm-none-eabi/15.2.1/../../../../arm-none-eabi/lib/thumb/v7e-m+fp/hard\libg_nano.a(libc_a-exit.o)
                              D:/coding_tools/arm-gnu-toolchain-rel1-eabi/bin/../lib/gcc/arm-none-eabi/15.2.1/../../../../arm-none-eabi/lib/thumb/v7e-m+fp/hard/crt0.o (exit)
D:/coding_tools/arm-gnu-toolchain-rel1-eabi/bin/../lib/gcc/arm-none-eabi/15.2.1/../../../../arm-none-eabi/lib/thumb/v7e-m+fp/hard\libg_nano.a(libc_a-findfp.o)
                              D:/coding_tools/arm-gnu-toolchain-rel1-eabi/bin/../lib/gcc/arm-none-eabi/15.2.1/../../../../arm-none-eabi/lib/thumb/v7e-m+fp/hard\libg_nano.a(libc_a-exit.o) (__stdio_exit_handler)
D:/coding_tools/arm-gnu-toolchain-rel1-eabi/bin/../lib/gcc/arm-none-eabi/15.2.1/../../../../arm-none-eabi/lib/thumb/v7e-m+fp/hard\libg_nano.a(libc_a-fwalk.o)
                              D:/coding_tools/arm-gnu-toolchain-rel1-eabi/bin/../lib/gcc/arm-none-eabi/15.2.1/../../../../arm-none-eabi/lib/thumb/v7e-m+fp/hard\libg_nano.a(libc_a-findfp.o) (_fwalk_sglue)
D:/coding_tools/arm-gnu-toolchain-rel1-eabi/bin/../lib/gcc/arm-none-eabi/15.2.1/../../../../arm-none-eabi/lib/thumb/v7e-m+fp/hard\libg_nano.a(libc_a-stdio.o)
                              D:/coding_tools/arm-gnu-toolchain-rel1-eabi/bin/../lib/gcc/arm-none-eabi/15.2.1/../../../../arm-none-eabi/lib/thumb/v7e-m+fp/hard\libg_nano.a(libc_a-findfp.o) (__sread)
D:/coding_tools/arm-gnu-toolchain-rel1-eabi/bin/../lib/gcc/arm-none-eabi/15.2.1/../../../../arm-none-eabi/lib/thumb/v7e-m+fp/hard\libg_nano.a(libc_a-memset.o)
                              D:/coding_tools/arm-gnu-toolchain-rel1-eabi/bin/../lib/gcc/arm-none-eabi/15.2.1/../../../../arm-none-eabi/lib/thumb/v7e-m+fp/hard/crt0.o (memset)
D:/coding_tools/arm-gnu-toolchain-rel1-eabi/bin/../lib/gcc/arm-none-eabi/15.2.1/../../../../arm-none-eabi/lib/thumb/v7e-m+fp/hard\libg_nano.a(libc_a-closer.o)
                              D:/coding_tools/arm-gnu-toolchain-rel1-eabi/bin/../lib/gcc/arm-none-eabi/15.2.1/../../../../arm-none-eabi/lib/thumb/v7e-m+fp/hard\libg_nano.a(libc_a-stdio.o) (_close_r)
D:/coding_tools/arm-gnu-toolchain-rel1-eabi/bin/../lib/gcc/arm-none-eabi/15.2.1/../../../../arm-none-eabi/lib/thumb/v7e-m+fp/hard\libg_nano.a(libc_a-reent.o)
                              D:/coding_tools/arm-gnu-toolchain-rel1-eabi/bin/../lib/gcc/arm-none-eabi/15.2.1/../../../../arm-none-eabi/lib/thumb/v7e-m+fp/hard\libg_nano.a(libc_a-closer.o) (errno)
D:/coding_tools/arm-gnu-toolchain-rel1-eabi/bin/../lib/gcc/arm-none-eabi/15.2.1/../../../../arm-none-eabi/lib/thumb/v7e-m+fp/hard\libg_nano.a(libc_a-impure.o)
                              D:/coding_tools/arm-gnu-toolchain-rel1-eabi/bin/../lib/gcc/arm-none-eabi/15.2.1/../../../../arm-none-eabi/lib/thumb/v7e-m+fp/hard\libg_nano.a(libc_a-reent.o) (_impure_ptr)
D:/coding_tools/arm-gnu-toolchain-rel1-eabi/bin/../lib/gcc/arm-none-eabi/15.2.1/../../../../arm-none-eabi/lib/thumb/v7e-m+fp/hard\libg_nano.a(libc_a-lseekr.o)
                              D:/coding_tools/arm-gnu-toolchain-rel1-eabi/bin/../lib/gcc/arm-none-eabi/15.2.1/../../../../arm-none-eabi/lib/thumb/v7e-m+fp/hard\libg_nano.a(libc_a-stdio.o) (_lseek_r)
D:/coding_tools/arm-gnu-toolchain-rel1-eabi/bin/../lib/gcc/arm-none-eabi/15.2.1/../../../../arm-none-eabi/lib/thumb/v7e-m+fp/hard\libg_nano.a(libc_a-readr.o)
                              D:/coding_tools/arm-gnu-toolchain-rel1-eabi/bin/../lib/gcc/arm-none-eabi/15.2.1/../../../../arm-none-eabi/lib/thumb/v7e-m+fp/hard\libg_nano.a(libc_a-stdio.o) (_read_r)
D:/coding_tools/arm-gnu-toolchain-rel1-eabi/bin/../lib/gcc/arm-none-eabi/15.2.1/../../../../arm-none-eabi/lib/thumb/v7e-m+fp/hard\libg_nano.a(libc_a-writer.o)
                              D:/coding_tools/arm-gnu-toolchain-rel1-eabi/bin/../lib/gcc/arm-none-eabi/15.2.1/../../../../arm-none-eabi/lib/thumb/v7e-m+fp/hard\libg_nano.a(libc_a-stdio.o) (_write_r)
D:/coding_tools/arm-gnu-toolchain-rel1-eabi/bin/../lib/gcc/arm-none-eabi/15.2.1/../../../../arm-none-eabi/lib/thumb/v7e-m+fp/hard\libg_nano.a(libc_a-errno.o)
                              CMakeFiles/g431test_cmake.dir/Core/Src/sysmem.c.obj (__errno)
D:/coding_tools/arm-gnu-toolchain-rel1-eabi/bin/../lib/gcc/arm-none-eabi/15.2.1/../../../../arm-none-eabi/lib/thumb/v7e-m+fp/hard\libg_nano.a(libc_a-init.o)
                              D:/coding_tools/arm-gnu-toolchain-rel1-eabi/bin/../lib/gcc/arm-none-eabi/15.2.1/../../../../arm-none-eabi/lib/thumb/v7e-m+fp/hard/crt0.o (__libc_init_array)
D:/coding_tools/arm-gnu-toolchain-rel1-eabi/bin/../lib/gcc/arm-none-eabi/15.2.1/../../../../arm-none-eabi/lib/thumb/v7e-m+fp/hard\libg_nano.a(libc_a-lock.o)
                              D:/coding_tools/arm-gnu-toolchain-rel1-eabi/bin/../lib/gcc/arm-none-eabi/15.2.1/../../../../arm-none-eabi/lib/thumb/v7e-m+fp/hard\libg_nano.a(libc_a-findfp.o) (__retarget_lock_init_recursive)
[...]
Memory Configuration

Name             Origin             Length             Attributes
RAM              0x20000000         0x00008000         xrw
FLASH            0x08000000         0x00020000         xr
*default*        0x00000000         0xffffffff

Linker script and memory map

LOAD D:/coding_tools/arm-gnu-toolchain-rel1-eabi/bin/../lib/gcc/arm-none-eabi/15.2.1/thumb/v7e-m+fp/hard/crti.o
LOAD D:/coding_tools/arm-gnu-toolchain-rel1-eabi/bin/../lib/gcc/arm-none-eabi/15.2.1/thumb/v7e-m+fp/hard/crtbegin.o
LOAD D:/coding_tools/arm-gnu-toolchain-rel1-eabi/bin/../lib/gcc/arm-none-eabi/15.2.1/../../../../arm-none-eabi/lib/thumb/v7e-m+fp/hard/crt0.o
LOAD cmake/stm32cubemx/CMakeFiles/STM32_Drivers.dir/__/__/Core/Src/system_stm32g4xx.c.obj
LOAD cmake/stm32cubemx/CMakeFiles/STM32_Drivers.dir/__/__/Drivers/STM32G4xx_HAL_Driver/Src/stm32g4xx_hal_pwr_ex.c.obj
LOAD cmake/stm32cubemx/CMakeFiles/STM32_Drivers.dir/__/__/Drivers/STM32G4xx_HAL_Driver/Src/stm32g4xx_hal.c.obj
LOAD cmake/stm32cubemx/CMakeFiles/STM32_Drivers.dir/__/__/Drivers/STM32G4xx_HAL_Driver/Src/stm32g4xx_hal_rcc.c.obj
LOAD cmake/stm32cubemx/CMakeFiles/STM32_Drivers.dir/__/__/Drivers/STM32G4xx_HAL_Driver/Src/stm32g4xx_hal_rcc_ex.c.obj
LOAD cmake/stm32cubemx/CMakeFiles/STM32_Drivers.dir/__/__/Drivers/STM32G4xx_HAL_Driver/Src/stm32g4xx_hal_flash.c.obj
LOAD cmake/stm32cubemx/CMakeFiles/STM32_Drivers.dir/__/__/Drivers/STM32G4xx_HAL_Driver/Src/stm32g4xx_hal_flash_ex.c.obj
LOAD cmake/stm32cubemx/CMakeFiles/STM32_Drivers.dir/__/__/Drivers/STM32G4xx_HAL_Driver/Src/stm32g4xx_hal_flash_ramfunc.c.obj
LOAD cmake/stm32cubemx/CMakeFiles/STM32_Drivers.dir/__/__/Drivers/STM32G4xx_HAL_Driver/Src/stm32g4xx_hal_gpio.c.obj
LOAD cmake/stm32cubemx/CMakeFiles/STM32_Drivers.dir/__/__/Drivers/STM32G4xx_HAL_Driver/Src/stm32g4xx_hal_exti.c.obj
LOAD cmake/stm32cubemx/CMakeFiles/STM32_Drivers.dir/__/__/Drivers/STM32G4xx_HAL_Driver/Src/stm32g4xx_hal_dma.c.obj
LOAD cmake/stm32cubemx/CMakeFiles/STM32_Drivers.dir/__/__/Drivers/STM32G4xx_HAL_Driver/Src/stm32g4xx_hal_dma_ex.c.obj
LOAD cmake/stm32cubemx/CMakeFiles/STM32_Drivers.dir/__/__/Drivers/STM32G4xx_HAL_Driver/Src/stm32g4xx_hal_pwr.c.obj
LOAD cmake/stm32cubemx/CMakeFiles/STM32_Drivers.dir/__/__/Drivers/STM32G4xx_HAL_Driver/Src/stm32g4xx_hal_cortex.c.obj
LOAD CMakeFiles/g431test_cmake.dir/Core/Src/main.c.obj
LOAD CMakeFiles/g431test_cmake.dir/Core/Src/gpio.c.obj
LOAD CMakeFiles/g431test_cmake.dir/Core/Src/stm32g4xx_it.c.obj
LOAD CMakeFiles/g431test_cmake.dir/Core/Src/stm32g4xx_hal_msp.c.obj
LOAD CMakeFiles/g431test_cmake.dir/Core/Src/sysmem.c.obj
LOAD CMakeFiles/g431test_cmake.dir/Core/Src/syscalls.c.obj
LOAD CMakeFiles/g431test_cmake.dir/startup_stm32g431xx.s.obj
LOAD CMakeFiles/g431test_cmake.dir/App/Src/bms_main.c.obj
LOAD D:/coding_tools/arm-gnu-toolchain-rel1-eabi/bin/../lib/gcc/arm-none-eabi/15.2.1/../../../../arm-none-eabi/lib/thumb/v7e-m+fp/hard\libm.a
START GROUP
LOAD D:/coding_tools/arm-gnu-toolchain-rel1-eabi/bin/../lib/gcc/arm-none-eabi/15.2.1/thumb/v7e-m+fp/hard\libgcc.a
LOAD D:/coding_tools/arm-gnu-toolchain-rel1-eabi/bin/../lib/gcc/arm-none-eabi/15.2.1/../../../../arm-none-eabi/lib/thumb/v7e-m+fp/hard\libg_nano.a
LOAD D:/coding_tools/arm-gnu-toolchain-rel1-eabi/bin/../lib/gcc/arm-none-eabi/15.2.1/../../../../arm-none-eabi/lib/thumb/v7e-m+fp/hard\libc_nano.a
END GROUP
START GROUP
LOAD D:/coding_tools/arm-gnu-toolchain-rel1-eabi/bin/../lib/gcc/arm-none-eabi/15.2.1/thumb/v7e-m+fp/hard\libgcc.a
LOAD D:/coding_tools/arm-gnu-toolchain-rel1-eabi/bin/../lib/gcc/arm-none-eabi/15.2.1/../../../../arm-none-eabi/lib/thumb/v7e-m+fp/hard\libc_nano.a
END GROUP
LOAD D:/coding_tools/arm-gnu-toolchain-rel1-eabi/bin/../lib/gcc/arm-none-eabi/15.2.1/thumb/v7e-m+fp/hard/crtend.o
LOAD D:/coding_tools/arm-gnu-toolchain-rel1-eabi/bin/../lib/gcc/arm-none-eabi/15.2.1/thumb/v7e-m+fp/hard/crtn.o
                0x20008000                        _estack = (ORIGIN (RAM) + LENGTH (RAM))
                0x20007c00                        _sstack = (_estack - _Min_Stack_Size)
                0x00000200                        _Min_Heap_Size = 0x200
                0x00000400                        _Min_Stack_Size = 0x400

.isr_vector     0x08000000      0x1d8
                0x08000000                        . = ALIGN (0x4)
 *(.isr_vector)
 .isr_vector    0x08000000      0x1d8 CMakeFiles/g431test_cmake.dir/startup_stm32g431xx.s.obj
                0x08000000                g_pfnVectors
                0x080001d8                        . = ALIGN (0x4)

.text           0x080001d8     0x111c
                0x080001d8                        . = ALIGN (0x4)
 *(.text)
 *(.text*)
 .text.deregister_tm_clones
                0x080001d8       0x1c D:/coding_tools/arm-gnu-toolchain-rel1-eabi/bin/../lib/gcc/arm-none-eabi/15.2.1/thumb/v7e-m+fp/hard/crtbegin.o
 .text.register_tm_clones
                0x080001f4       0x24 D:/coding_tools/arm-gnu-toolchain-rel1-eabi/bin/../lib/gcc/arm-none-eabi/15.2.1/thumb/v7e-m+fp/hard/crtbegin.o
 .text.__do_global_dtors_aux
                0x08000218       0x28 D:/coding_tools/arm-gnu-toolchain-rel1-eabi/bin/../lib/gcc/arm-none-eabi/15.2.1/thumb/v7e-m+fp/hard/crtbegin.o
 .text.frame_dummy
                0x08000240       0x24 D:/coding_tools/arm-gnu-toolchain-rel1-eabi/bin/../lib/gcc/arm-none-eabi/15.2.1/thumb/v7e-m+fp/hard/crtbegin.o
 .text.SystemInit
                0x08000264       0x20 cmake/stm32cubemx/CMakeFiles/STM32_Drivers.dir/__/__/Core/Src/system_stm32g4xx.c.obj
                0x08000264                SystemInit
 .text.HAL_PWREx_ControlVoltageScaling
                0x08000284      0x148 cmake/stm32cubemx/CMakeFiles/STM32_Drivers.dir/__/__/Drivers/STM32G4xx_HAL_Driver/Src/stm32g4xx_hal_pwr_ex.c.obj
                0x08000284                HAL_PWREx_ControlVoltageScaling
 .text.HAL_PWREx_DisableUCPDDeadBattery
                0x080003cc       0x1c cmake/stm32cubemx/CMakeFiles/STM32_Drivers.dir/__/__/Drivers/STM32G4xx_HAL_Driver/Src/stm32g4xx_hal_pwr_ex.c.obj
                0x080003cc                HAL_PWREx_DisableUCPDDeadBattery
 .text.HAL_Init
                0x080003e8       0x30 cmake/stm32cubemx/CMakeFiles/STM32_Drivers.dir/__/__/Drivers/STM32G4xx_HAL_Driver/Src/stm32g4xx_hal.c.obj
                0x080003e8                HAL_Init
 .text.HAL_InitTick
                0x08000418       0x74 cmake/stm32cubemx/CMakeFiles/STM32_Drivers.dir/__/__/Drivers/STM32G4xx_HAL_Driver/Src/stm32g4xx_hal.c.obj
                0x08000418                HAL_InitTick
 .text.HAL_IncTick
                0x0800048c       0x24 cmake/stm32cubemx/CMakeFiles/STM32_Drivers.dir/__/__/Drivers/STM32G4xx_HAL_Driver/Src/stm32g4xx_hal.c.obj
                0x0800048c                HAL_IncTick
 .text.HAL_GetTick
                0x080004b0       0x14 cmake/stm32cubemx/CMakeFiles/STM32_Drivers.dir/__/__/Drivers/STM32G4xx_HAL_Driver/Src/stm32g4xx_hal.c.obj
                0x080004b0                HAL_GetTick
 .text.HAL_RCC_OscConfig
                0x080004c4      0x624 cmake/stm32cubemx/CMakeFiles/STM32_Drivers.dir/__/__/Drivers/STM32G4xx_HAL_Driver/Src/stm32g4xx_hal_rcc.c.obj
                0x080004c4                HAL_RCC_OscConfig
 .text.HAL_RCC_ClockConfig
                0x08000ae8      0x278 cmake/stm32cubemx/CMakeFiles/STM32_Drivers.dir/__/__/Drivers/STM32G4xx_HAL_Driver/Src/stm32g4xx_hal_rcc.c.obj
                0x08000ae8                HAL_RCC_ClockConfig
 .text.HAL_RCC_GetSysClockFreq
                0x08000d60       0xc0 cmake/stm32cubemx/CMakeFiles/STM32_Drivers.dir/__/__/Drivers/STM32G4xx_HAL_Driver/Src/stm32g4xx_hal_rcc.c.obj
                0x08000d60                HAL_RCC_GetSysClockFreq
 .text.RCC_GetSysClockFreqFromPLLSource
                0x08000e20       0x8c cmake/stm32cubemx/CMakeFiles/STM32_Drivers.dir/__/__/Drivers/STM32G4xx_HAL_Driver/Src/stm32g4xx_hal_rcc.c.obj
 .text.__NVIC_SetPriorityGrouping
                0x08000eac       0x48 cmake/stm32cubemx/CMakeFiles/STM32_Drivers.dir/__/__/Drivers/STM32G4xx_HAL_Driver/Src/stm32g4xx_hal_cortex.c.obj
 .text.__NVIC_GetPriorityGrouping
                0x08000ef4       0x1c cmake/stm32cubemx/CMakeFiles/STM32_Drivers.dir/__/__/Drivers/STM32G4xx_HAL_Driver/Src/stm32g4xx_hal_cortex.c.obj
 .text.__NVIC_SetPriority
                0x08000f10       0x54 cmake/stm32cubemx/CMakeFiles/STM32_Drivers.dir/__/__/Drivers/STM32G4xx_HAL_Driver/Src/stm32g4xx_hal_cortex.c.obj
 .text.NVIC_EncodePriority
                0x08000f64       0x6e cmake/stm32cubemx/CMakeFiles/STM32_Drivers.dir/__/__/Drivers/STM32G4xx_HAL_Driver/Src/stm32g4xx_hal_cortex.c.obj
 *fill*         0x08000fd2        0x2 
 .text.SysTick_Config
                0x08000fd4       0x44 cmake/stm32cubemx/CMakeFiles/STM32_Drivers.dir/__/__/Drivers/STM32G4xx_HAL_Driver/Src/stm32g4xx_hal_cortex.c.obj
 .text.HAL_NVIC_SetPriorityGrouping
                0x08001018       0x16 cmake/stm32cubemx/CMakeFiles/STM32_Drivers.dir/__/__/Drivers/STM32G4xx_HAL_Driver/Src/stm32g4xx_hal_cortex.c.obj
                0x08001018                HAL_NVIC_SetPriorityGrouping
 .text.HAL_NVIC_SetPriority
                0x0800102e       0x34 cmake/stm32cubemx/CMakeFiles/STM32_Drivers.dir/__/__/Drivers/STM32G4xx_HAL_Driver/Src/stm32g4xx_hal_cortex.c.obj
                0x0800102e                HAL_NVIC_SetPriority
 .text.HAL_SYSTICK_Config
                0x08001062       0x18 cmake/stm32cubemx/CMakeFiles/STM32_Drivers.dir/__/__/Drivers/STM32G4xx_HAL_Driver/Src/stm32g4xx_hal_cortex.c.obj
                0x08001062                HAL_SYSTICK_Config
 .text.main     0x0800107a       0x1a CMakeFiles/g431test_cmake.dir/Core/Src/main.c.obj
                0x0800107a                main
 .text.SystemClock_Config
                0x08001094       0x92 CMakeFiles/g431test_cmake.dir/Core/Src/main.c.obj
                0x08001094                SystemClock_Config
 .text.Error_Handler
                0x08001126        0xc CMakeFiles/g431test_cmake.dir/Core/Src/main.c.obj
                0x08001126                Error_Handler
 *fill*         0x08001132        0x2 
 .text.MX_GPIO_Init
                0x08001134       0x44 CMakeFiles/g431test_cmake.dir/Core/Src/gpio.c.obj
                0x08001134                MX_GPIO_Init
 .text.NMI_Handler
                0x08001178        0x8 CMakeFiles/g431test_cmake.dir/Core/Src/stm32g4xx_it.c.obj
                0x08001178                NMI_Handler
 .text.HardFault_Handler
                0x08001180        0x8 CMakeFiles/g431test_cmake.dir/Core/Src/stm32g4xx_it.c.obj
                0x08001180                HardFault_Handler
 .text.MemManage_Handler
                0x08001188        0x8 CMakeFiles/g431test_cmake.dir/Core/Src/stm32g4xx_it.c.obj
                0x08001188                MemManage_Handler
 .text.BusFault_Handler
                0x08001190        0x8 CMakeFiles/g431test_cmake.dir/Core/Src/stm32g4xx_it.c.obj
                0x08001190                BusFault_Handler
 .text.UsageFault_Handler
                0x08001198        0x8 CMakeFiles/g431test_cmake.dir/Core/Src/stm32g4xx_it.c.obj
                0x08001198                UsageFault_Handler
 .text.SVC_Handler
                0x080011a0        0xc CMakeFiles/g431test_cmake.dir/Core/Src/stm32g4xx_it.c.obj
                0x080011a0                SVC_Handler
 .text.DebugMon_Handler
                0x080011ac        0xc CMakeFiles/g431test_cmake.dir/Core/Src/stm32g4xx_it.c.obj
                0x080011ac                DebugMon_Handler
 .text.PendSV_Handler
                0x080011b8        0xc CMakeFiles/g431test_cmake.dir/Core/Src/stm32g4xx_it.c.obj
                0x080011b8                PendSV_Handler
 .text.SysTick_Handler
                0x080011c4        0xc CMakeFiles/g431test_cmake.dir/Core/Src/stm32g4xx_it.c.obj
                0x080011c4                SysTick_Handler
 .text.HAL_MspInit
                0x080011d0       0x48 CMakeFiles/g431test_cmake.dir/Core/Src/stm32g4xx_hal_msp.c.obj
                0x080011d0                HAL_MspInit
 .text.Reset_Handler
                0x08001218       0x50 CMakeFiles/g431test_cmake.dir/startup_stm32g431xx.s.obj
                0x08001218                Reset_Handler
 .text.Default_Handler
                0x08001268        0x2 CMakeFiles/g431test_cmake.dir/startup_stm32g431xx.s.obj
                0x08001268                RTC_Alarm_IRQHandler
                0x08001268                EXTI2_IRQHandler
                0x08001268                TIM8_TRG_COM_IRQHandler
                0x08001268                TIM8_CC_IRQHandler
                0x08001268                TIM1_CC_IRQHandler
                0x08001268                USB_HP_IRQHandler
                0x08001268                CORDIC_IRQHandler
                0x08001268                EXTI3_IRQHandler
                0x08001268                I2C3_ER_IRQHandler
                0x08001268                EXTI0_IRQHandler
                0x08001268                I2C2_EV_IRQHandler
                0x08001268                FPU_IRQHandler
                0x08001268                FDCAN1_IT1_IRQHandler
                0x08001268                TIM1_UP_TIM16_IRQHandler
                0x08001268                ADC1_2_IRQHandler
                0x08001268                SPI1_IRQHandler
                0x08001268                TIM6_DAC_IRQHandler
                0x08001268                TIM8_UP_IRQHandler
                0x08001268                DMA2_Channel2_IRQHandler
                0x08001268                DMA1_Channel4_IRQHandler
                0x08001268                USART3_IRQHandler
                0x08001268                TIM4_IRQHandler
                0x08001268                DMA2_Channel1_IRQHandler
                0x08001268                I2C1_EV_IRQHandler
                0x08001268                DMA1_Channel6_IRQHandler
                0x08001268                UART4_IRQHandler
                0x08001268                DMA2_Channel4_IRQHandler
                0x08001268                TIM3_IRQHandler
                0x08001268                RCC_IRQHandler
                0x08001268                DMA1_Channel1_IRQHandler
                0x08001268                Default_Handler
                0x08001268                RTC_TAMP_LSECSS_IRQHandler
                0x08001268                FMAC_IRQHandler
                0x08001268                EXTI15_10_IRQHandler
                0x08001268                TIM7_IRQHandler
                0x08001268                UCPD1_IRQHandler
                0x08001268                I2C3_EV_IRQHandler
                0x08001268                EXTI9_5_IRQHandler
                0x08001268                RTC_WKUP_IRQHandler
                0x08001268                PVD_PVM_IRQHandler
                0x08001268                SPI2_IRQHandler
                0x08001268                DMA2_Channel5_IRQHandler
                0x08001268                CRS_IRQHandler
                0x08001268                DMA1_Channel5_IRQHandler
                0x08001268                USB_LP_IRQHandler
                0x08001268                EXTI4_IRQHandler
                0x08001268                RNG_IRQHandler
                0x08001268                TIM1_TRG_COM_TIM17_IRQHandler
                0x08001268                DMA1_Channel3_IRQHandler
                0x08001268                WWDG_IRQHandler
                0x08001268                LPUART1_IRQHandler
                0x08001268                DMA2_Channel6_IRQHandler
                0x08001268                FDCAN1_IT0_IRQHandler
                0x08001268                TIM2_IRQHandler
                0x08001268                COMP1_2_3_IRQHandler
                0x08001268                EXTI1_IRQHandler
                0x08001268                USART2_IRQHandler
                0x08001268                I2C2_ER_IRQHandler
                0x08001268                DMA1_Channel2_IRQHandler
                0x08001268                TIM8_BRK_IRQHandler
                0x08001268                FLASH_IRQHandler
                0x08001268                USART1_IRQHandler
                0x08001268                SPI3_IRQHandler
                0x08001268                I2C1_ER_IRQHandler
                0x08001268                LPTIM1_IRQHandler
                0x08001268                DMAMUX_OVR_IRQHandler
                0x08001268                USBWakeUp_IRQHandler
                0x08001268                SAI1_IRQHandler
                0x08001268                DMA2_Channel3_IRQHandler
                0x08001268                COMP4_IRQHandler
                0x08001268                TIM1_BRK_TIM15_IRQHandler
 .text.bms_Init
                0x0800126a        0xc CMakeFiles/g431test_cmake.dir/App/Src/bms_main.c.obj
                0x0800126a                bms_Init
 .text.bms_Loop
                0x08001276        0xc CMakeFiles/g431test_cmake.dir/App/Src/bms_main.c.obj
                0x08001276                bms_Loop
 .text.memset   0x08001282       0x10 D:/coding_tools/arm-gnu-toolchain-rel1-eabi/bin/../lib/gcc/arm-none-eabi/15.2.1/../../../../arm-none-eabi/lib/thumb/v7e-m+fp/hard\libg_nano.a(libc_a-memset.o)
                0x08001282                memset
 *fill*         0x08001292        0x2 
 .text.__libc_init_array
                0x08001294       0x48 D:/coding_tools/arm-gnu-toolchain-rel1-eabi/bin/../lib/gcc/arm-none-eabi/15.2.1/../../../../arm-none-eabi/lib/thumb/v7e-m+fp/hard\libg_nano.a(libc_a-init.o)
                0x08001294                __libc_init_array
 *(.glue_7)
 .glue_7        0x080012dc        0x0 linker stubs
 *(.glue_7t)
 .glue_7t       0x080012dc        0x0 linker stubs
 *(.eh_frame)
 .eh_frame      0x080012dc        0x0 D:/coding_tools/arm-gnu-toolchain-rel1-eabi/bin/../lib/gcc/arm-none-eabi/15.2.1/thumb/v7e-m+fp/hard/crtbegin.o
 *(.init)
 .init          0x080012dc        0x4 D:/coding_tools/arm-gnu-toolchain-rel1-eabi/bin/../lib/gcc/arm-none-eabi/15.2.1/thumb/v7e-m+fp/hard/crti.o
                0x080012dc                _init
 .init          0x080012e0        0x8 D:/coding_tools/arm-gnu-toolchain-rel1-eabi/bin/../lib/gcc/arm-none-eabi/15.2.1/thumb/v7e-m+fp/hard/crtn.o
 *(.fini)
 .fini          0x080012e8        0x4 D:/coding_tools/arm-gnu-toolchain-rel1-eabi/bin/../lib/gcc/arm-none-eabi/15.2.1/thumb/v7e-m+fp/hard/crti.o
                0x080012e8                _fini
 .fini          0x080012ec        0x8 D:/coding_tools/arm-gnu-toolchain-rel1-eabi/bin/../lib/gcc/arm-none-eabi/15.2.1/thumb/v7e-m+fp/hard/crtn.o
                0x080012f4                        . = ALIGN (0x4)
                0x080012f4                        _etext = .

.vfp11_veneer   0x080012f4        0x0
 .vfp11_veneer  0x080012f4        0x0 linker stubs

.v4_bx          0x080012f4        0x0
 .v4_bx         0x080012f4        0x0 linker stubs

.iplt           0x080012f4        0x0
 .iplt          0x080012f4        0x0 D:/coding_tools/arm-gnu-toolchain-rel1-eabi/bin/../lib/gcc/arm-none-eabi/15.2.1/thumb/v7e-m+fp/hard/crtbegin.o

.rodata         0x080012f4       0x10
                0x080012f4                        . = ALIGN (0x4)
 *(.rodata)
 *(.rodata*)
 .rodata.AHBPrescTable
                0x080012f4       0x10 cmake/stm32cubemx/CMakeFiles/STM32_Drivers.dir/__/__/Core/Src/system_stm32g4xx.c.obj
                0x080012f4                AHBPrescTable
                0x08001304                        . = ALIGN (0x4)

.ARM.extab      0x08001304        0x0
                0x08001304                        . = ALIGN (0x4)
 *(.ARM.extab* .gnu.linkonce.armextab.*)
                0x08001304                        . = ALIGN (0x4)

.ARM            0x08001304        0x0
                0x08001304                        . = ALIGN (0x4)
                0x08001304                        __exidx_start = .
 *(.ARM.exidx*)
                0x08001304                        __exidx_end = .
                0x08001304                        . = ALIGN (0x4)

.preinit_array  0x08001304        0x0
                0x08001304                        . = ALIGN (0x4)
                0x08001304                        PROVIDE (__preinit_array_start = .)
 *(.preinit_array*)
                0x08001304                        PROVIDE (__preinit_array_end = .)
                0x08001304                        . = ALIGN (0x4)

.init_array     0x08001304        0x4
                0x08001304                        . = ALIGN (0x4)
                0x08001304                        PROVIDE (__init_array_start = .)
 *(SORT_BY_NAME(.init_array.*))
 *(.init_array*)
 .init_array    0x08001304        0x4 D:/coding_tools/arm-gnu-toolchain-rel1-eabi/bin/../lib/gcc/arm-none-eabi/15.2.1/thumb/v7e-m+fp/hard/crtbegin.o
                0x08001308                        PROVIDE (__init_array_end = .)
                0x08001308                        . = ALIGN (0x4)

.fini_array     0x08001308        0x4
                0x08001308                        . = ALIGN (0x4)
                [!provide]                        PROVIDE (__fini_array_start = .)
 *(SORT_BY_NAME(.fini_array.*))
 *(.fini_array*)
 .fini_array    0x08001308        0x4 D:/coding_tools/arm-gnu-toolchain-rel1-eabi/bin/../lib/gcc/arm-none-eabi/15.2.1/thumb/v7e-m+fp/hard/crtbegin.o
                [!provide]                        PROVIDE (__fini_array_end = .)
                0x0800130c                        . = ALIGN (0x4)
                0x0800130c                        _sidata = LOADADDR (.data)

.rel.dyn        0x0800130c        0x0
 .rel.iplt      0x0800130c        0x0 D:/coding_tools/arm-gnu-toolchain-rel1-eabi/bin/../lib/gcc/arm-none-eabi/15.2.1/thumb/v7e-m+fp/hard/crtbegin.o

.data           0x20000000        0xc load address 0x0800130c
                0x20000000                        . = ALIGN (0x4)
                0x20000000                        _sdata = .
 *(.data)
 *(.data*)
 .data.SystemCoreClock
                0x20000000        0x4 cmake/stm32cubemx/CMakeFiles/STM32_Drivers.dir/__/__/Core/Src/system_stm32g4xx.c.obj
                0x20000000                SystemCoreClock
 .data.uwTickPrio
                0x20000004        0x4 cmake/stm32cubemx/CMakeFiles/STM32_Drivers.dir/__/__/Drivers/STM32G4xx_HAL_Driver/Src/stm32g4xx_hal.c.obj
                0x20000004                uwTickPrio
 .data.uwTickFreq
                0x20000008        0x4 cmake/stm32cubemx/CMakeFiles/STM32_Drivers.dir/__/__/Drivers/STM32G4xx_HAL_Driver/Src/stm32g4xx_hal.c.obj
                0x20000008                uwTickFreq
 *(.RamFunc)
 *(.RamFunc*)
                0x2000000c                        . = ALIGN (0x4)

.tm_clone_table
                0x2000000c        0x0 load address 0x08001318
 .tm_clone_table
                0x2000000c        0x0 D:/coding_tools/arm-gnu-toolchain-rel1-eabi/bin/../lib/gcc/arm-none-eabi/15.2.1/thumb/v7e-m+fp/hard/crtbegin.o
 .tm_clone_table
                0x2000000c        0x0 D:/coding_tools/arm-gnu-toolchain-rel1-eabi/bin/../lib/gcc/arm-none-eabi/15.2.1/thumb/v7e-m+fp/hard/crtend.o

.igot.plt       0x2000000c        0x0 load address 0x08001318
 .igot.plt      0x2000000c        0x0 D:/coding_tools/arm-gnu-toolchain-rel1-eabi/bin/../lib/gcc/arm-none-eabi/15.2.1/thumb/v7e-m+fp/hard/crtbegin.o

.tdata          0x2000000c        0x0 load address 0x08001318
 *(.tdata .tdata.* .gnu.linkonce.td.*)
                0x2000000c                        . = ALIGN (0x4)
                0x2000000c                        _edata = .
                [!provide]                        PROVIDE (__data_end = .)
                [!provide]                        PROVIDE (__tdata_end = .)
                [!provide]                        PROVIDE (__tdata_start = ADDR (.tdata))
                [!provide]                        PROVIDE (__tdata_size = (__tdata_end - __tdata_start))
                [!provide]                        PROVIDE (__data_start = ADDR (.data))
                [!provide]                        PROVIDE (__data_size = (__data_end - __data_start))
                [!provide]                        PROVIDE (__tdata_source = LOADADDR (.tdata))
                [!provide]                        PROVIDE (__tdata_source_end = (LOADADDR (.tdata) + SIZEOF (.tdata)))
                [!provide]                        PROVIDE (__tdata_source_size = (__tdata_source_end - __tdata_source))
                [!provide]                        PROVIDE (__data_source = LOADADDR (.data))
                [!provide]                        PROVIDE (__data_source_end = __tdata_source_end)
                [!provide]                        PROVIDE (__data_source_size = (__data_source_end - __data_source))

.tbss           0x2000000c        0x0 load address 0x08001318
                0x2000000c                        _sbss = .
                0x2000000c                        __bss_start__ = _sbss
 *(.tbss .tbss.*)
                0x2000000c                        . = ALIGN (0x4)
                [!provide]                        PROVIDE (__tbss_end = .)
                [!provide]                        PROVIDE (__tbss_start = ADDR (.tbss))
                [!provide]                        PROVIDE (__tbss_size = (__tbss_end - __tbss_start))
                [!provide]                        PROVIDE (__tbss_offset = (ADDR (.tbss) - ADDR (.tdata)))
                [!provide]                        PROVIDE (__tls_base = __tdata_start)
                [!provide]                        PROVIDE (__tls_end = __tbss_end)
                [!provide]                        PROVIDE (__tls_size = (__tls_end - __tls_base))
                [!provide]                        PROVIDE (__tls_align = MAX (ALIGNOF (.tdata), ALIGNOF (.tbss)))
                [!provide]                        PROVIDE (__tls_size_align = (((__tls_size + __tls_align) - 0x1) & ~ ((__tls_align - 0x1))))
                [!provide]                        PROVIDE (__arm32_tls_tcb_offset = MAX (0x8, __tls_align))
                [!provide]                        PROVIDE (__arm64_tls_tcb_offset = MAX (0x10, __tls_align))

.bss            0x2000000c       0x20 load address 0x08001318
 *(.bss)
 *(.bss*)
 .bss.completed.1
                0x2000000c        0x1 D:/coding_tools/arm-gnu-toolchain-rel1-eabi/bin/../lib/gcc/arm-none-eabi/15.2.1/thumb/v7e-m+fp/hard/crtbegin.o
 *fill*         0x2000000d        0x3 
 .bss.object.0  0x20000010       0x18 D:/coding_tools/arm-gnu-toolchain-rel1-eabi/bin/../lib/gcc/arm-none-eabi/15.2.1/thumb/v7e-m+fp/hard/crtbegin.o
 .bss.uwTick    0x20000028        0x4 cmake/stm32cubemx/CMakeFiles/STM32_Drivers.dir/__/__/Drivers/STM32G4xx_HAL_Driver/Src/stm32g4xx_hal.c.obj
                0x20000028                uwTick
 *(COMMON)
                0x2000002c                        . = ALIGN (0x4)
                0x2000002c                        _ebss = .
                0x2000002c                        __bss_end__ = _ebss
                [!provide]                        PROVIDE (__bss_end = .)
                [!provide]                        PROVIDE (__non_tls_bss_start = ADDR (.bss))
                [!provide]                        PROVIDE (__bss_start = __tbss_start)
                [!provide]                        PROVIDE (__bss_size = (__bss_end - __bss_start))

._user_heap_stack
                0x2000002c      0x604 load address 0x08001318
                0x20000030                        . = ALIGN (0x8)
 *fill*         0x2000002c        0x4 
                [!provide]                        PROVIDE (end = .)
                0x20000030                        PROVIDE (_end = .)
                0x20000230                        . = (. + _Min_Heap_Size)
 *fill*         0x20000030      0x200 
                0x20000630                        . = (. + _Min_Stack_Size)
 *fill*         0x20000230      0x400 
                0x20000630                        . = ALIGN (0x8)

/DISCARD/
 libc.a:*(*)
 libm.a:*(*)
 libgcc.a:*(*)
OUTPUT(g431test_cmake.elf elf32-littlearm)
LOAD linker stubs

.ARM.attributes
                0x00000000       0x30
 .ARM.attributes
                0x00000000       0x22 D:/coding_tools/arm-gnu-toolchain-rel1-eabi/bin/../lib/gcc/arm-none-eabi/15.2.1/thumb/v7e-m+fp/hard/crti.o
 .ARM.attributes
                0x00000022       0x34 D:/coding_tools/arm-gnu-toolchain-rel1-eabi/bin/../lib/gcc/arm-none-eabi/15.2.1/thumb/v7e-m+fp/hard/crtbegin.o
 .ARM.attributes
                0x00000056       0x34 cmake/stm32cubemx/CMakeFiles/STM32_Drivers.dir/__/__/Core/Src/system_stm32g4xx.c.obj
 .ARM.attributes
                0x0000008a       0x34 cmake/stm32cubemx/CMakeFiles/STM32_Drivers.dir/__/__/Drivers/STM32G4xx_HAL_Driver/Src/stm32g4xx_hal_pwr_ex.c.obj
 .ARM.attributes
                0x000000be       0x34 cmake/stm32cubemx/CMakeFiles/STM32_Drivers.dir/__/__/Drivers/STM32G4xx_HAL_Driver/Src/stm32g4xx_hal.c.obj
 .ARM.attributes
                0x000000f2       0x34 cmake/stm32cubemx/CMakeFiles/STM32_Drivers.dir/__/__/Drivers/STM32G4xx_HAL_Driver/Src/stm32g4xx_hal_rcc.c.obj
 .ARM.attributes
                0x00000126       0x34 cmake/stm32cubemx/CMakeFiles/STM32_Drivers.dir/__/__/Drivers/STM32G4xx_HAL_Driver/Src/stm32g4xx_hal_cortex.c.obj
 .ARM.attributes
                0x0000015a       0x34 CMakeFiles/g431test_cmake.dir/Core/Src/main.c.obj
 .ARM.attributes
                0x0000018e       0x34 CMakeFiles/g431test_cmake.dir/Core/Src/gpio.c.obj
 .ARM.attributes
                0x000001c2       0x34 CMakeFiles/g431test_cmake.dir/Core/Src/stm32g4xx_it.c.obj
 .ARM.attributes
                0x000001f6       0x34 CMakeFiles/g431test_cmake.dir/Core/Src/stm32g4xx_hal_msp.c.obj
 .ARM.attributes
                0x0000022a       0x21 CMakeFiles/g431test_cmake.dir/startup_stm32g431xx.s.obj
 .ARM.attributes
                0x0000024b       0x34 CMakeFiles/g431test_cmake.dir/App/Src/bms_main.c.obj
 .ARM.attributes
                0x0000027f       0x34 D:/coding_tools/arm-gnu-toolchain-rel1-eabi/bin/../lib/gcc/arm-none-eabi/15.2.1/../../../../arm-none-eabi/lib/thumb/v7e-m+fp/hard\libg_nano.a(libc_a-memset.o)
 .ARM.attributes
                0x000002b3       0x34 D:/coding_tools/arm-gnu-toolchain-rel1-eabi/bin/../lib/gcc/arm-none-eabi/15.2.1/../../../../arm-none-eabi/lib/thumb/v7e-m+fp/hard\libg_nano.a(libc_a-init.o)
 .ARM.attributes
                0x000002e7       0x34 D:/coding_tools/arm-gnu-toolchain-rel1-eabi/bin/../lib/gcc/arm-none-eabi/15.2.1/thumb/v7e-m+fp/hard/crtend.o
 .ARM.attributes
                0x0000031b       0x22 D:/coding_tools/arm-gnu-toolchain-rel1-eabi/bin/../lib/gcc/arm-none-eabi/15.2.1/thumb/v7e-m+fp/hard/crtn.o

.comment        0x00000000       0x45
 .comment       0x00000000       0x45 cmake/stm32cubemx/CMakeFiles/STM32_Drivers.dir/__/__/Core/Src/system_stm32g4xx.c.obj
                                 0x46 (size before relaxing)
 .comment       0x00000045        0x0 cmake/stm32cubemx/CMakeFiles/STM32_Drivers.dir/__/__/Drivers/STM32G4xx_HAL_Driver/Src/stm32g4xx_hal_pwr_ex.c.obj
                                 0x46 (size before relaxing)
 .comment       0x00000045        0x0 cmake/stm32cubemx/CMakeFiles/STM32_Drivers.dir/__/__/Drivers/STM32G4xx_HAL_Driver/Src/stm32g4xx_hal.c.obj
                                 0x46 (size before relaxing)
 .comment       0x00000045        0x0 cmake/stm32cubemx/CMakeFiles/STM32_Drivers.dir/__/__/Drivers/STM32G4xx_HAL_Driver/Src/stm32g4xx_hal_rcc.c.obj
                                 0x46 (size before relaxing)
 .comment       0x00000045        0x0 cmake/stm32cubemx/CMakeFiles/STM32_Drivers.dir/__/__/Drivers/STM32G4xx_HAL_Driver/Src/stm32g4xx_hal_cortex.c.obj
                                 0x46 (size before relaxing)
 .comment       0x00000045        0x0 CMakeFiles/g431test_cmake.dir/Core/Src/main.c.obj
                                 0x46 (size before relaxing)
 .comment       0x00000045        0x0 CMakeFiles/g431test_cmake.dir/Core/Src/gpio.c.obj
                                 0x46 (size before relaxing)
 .comment       0x00000045        0x0 CMakeFiles/g431test_cmake.dir/Core/Src/stm32g4xx_it.c.obj
                                 0x46 (size before relaxing)
 .comment       0x00000045        0x0 CMakeFiles/g431test_cmake.dir/Core/Src/stm32g4xx_hal_msp.c.obj
                                 0x46 (size before relaxing)
 .comment       0x00000045        0x0 CMakeFiles/g431test_cmake.dir/App/Src/bms_main.c.obj
                                 0x46 (size before relaxing)

.debug_info     0x00000000     0x3cea
 .debug_info    0x00000000      0x58e cmake/stm32cubemx/CMakeFiles/STM32_Drivers.dir/__/__/Core/Src/system_stm32g4xx.c.obj
 .debug_info    0x0000058e      0x944 cmake/stm32cubemx/CMakeFiles/STM32_Drivers.dir/__/__/Drivers/STM32G4xx_HAL_Driver/Src/stm32g4xx_hal_pwr_ex.c.obj
 .debug_info    0x00000ed2      0xadb cmake/stm32cubemx/CMakeFiles/STM32_Drivers.dir/__/__/Drivers/STM32G4xx_HAL_Driver/Src/stm32g4xx_hal.c.obj
 .debug_info    0x000019ad      0xb9b cmake/stm32cubemx/CMakeFiles/STM32_Drivers.dir/__/__/Drivers/STM32G4xx_HAL_Driver/Src/stm32g4xx_hal_rcc.c.obj
 .debug_info    0x00002548      0xd3f cmake/stm32cubemx/CMakeFiles/STM32_Drivers.dir/__/__/Drivers/STM32G4xx_HAL_Driver/Src/stm32g4xx_hal_cortex.c.obj
 .debug_info    0x00003287      0x2dd CMakeFiles/g431test_cmake.dir/Core/Src/main.c.obj
 .debug_info    0x00003564      0x2d1 CMakeFiles/g431test_cmake.dir/Core/Src/gpio.c.obj
 .debug_info    0x00003835      0x113 CMakeFiles/g431test_cmake.dir/Core/Src/stm32g4xx_it.c.obj
 .debug_info    0x00003948      0x2da CMakeFiles/g431test_cmake.dir/Core/Src/stm32g4xx_hal_msp.c.obj
 .debug_info    0x00003c22       0x30 CMakeFiles/g431test_cmake.dir/startup_stm32g431xx.s.obj
 .debug_info    0x00003c52       0x98 CMakeFiles/g431test_cmake.dir/App/Src/bms_main.c.obj

.debug_abbrev   0x00000000      0xf9b
 .debug_abbrev  0x00000000      0x11a cmake/stm32cubemx/CMakeFiles/STM32_Drivers.dir/__/__/Core/Src/system_stm32g4xx.c.obj
 .debug_abbrev  0x0000011a      0x22c cmake/stm32cubemx/CMakeFiles/STM32_Drivers.dir/__/__/Drivers/STM32G4xx_HAL_Driver/Src/stm32g4xx_hal_pwr_ex.c.obj
 .debug_abbrev  0x00000346      0x271 cmake/stm32cubemx/CMakeFiles/STM32_Drivers.dir/__/__/Drivers/STM32G4xx_HAL_Driver/Src/stm32g4xx_hal.c.obj
 .debug_abbrev  0x000005b7      0x2c9 cmake/stm32cubemx/CMakeFiles/STM32_Drivers.dir/__/__/Drivers/STM32G4xx_HAL_Driver/Src/stm32g4xx_hal_rcc.c.obj
 .debug_abbrev  0x00000880      0x31c cmake/stm32cubemx/CMakeFiles/STM32_Drivers.dir/__/__/Drivers/STM32G4xx_HAL_Driver/Src/stm32g4xx_hal_cortex.c.obj
 .debug_abbrev  0x00000b9c      0x184 CMakeFiles/g431test_cmake.dir/Core/Src/main.c.obj
 .debug_abbrev  0x00000d20       0xc6 CMakeFiles/g431test_cmake.dir/Core/Src/gpio.c.obj
 .debug_abbrev  0x00000de6       0x73 CMakeFiles/g431test_cmake.dir/Core/Src/stm32g4xx_it.c.obj
 .debug_abbrev  0x00000e59       0xd9 CMakeFiles/g431test_cmake.dir/Core/Src/stm32g4xx_hal_msp.c.obj
 .debug_abbrev  0x00000f32       0x24 CMakeFiles/g431test_cmake.dir/startup_stm32g431xx.s.obj
 .debug_abbrev  0x00000f56       0x45 CMakeFiles/g431test_cmake.dir/App/Src/bms_main.c.obj

.debug_aranges  0x00000000      0x590
 .debug_aranges
                0x00000000       0x28 cmake/stm32cubemx/CMakeFiles/STM32_Drivers.dir/__/__/Core/Src/system_stm32g4xx.c.obj
 .debug_aranges
                0x00000028      0x140 cmake/stm32cubemx/CMakeFiles/STM32_Drivers.dir/__/__/Drivers/STM32G4xx_HAL_Driver/Src/stm32g4xx_hal_pwr_ex.c.obj
 .debug_aranges
                0x00000168      0x148 cmake/stm32cubemx/CMakeFiles/STM32_Drivers.dir/__/__/Drivers/STM32G4xx_HAL_Driver/Src/stm32g4xx_hal.c.obj
 .debug_aranges
                0x000002b0       0x98 cmake/stm32cubemx/CMakeFiles/STM32_Drivers.dir/__/__/Drivers/STM32G4xx_HAL_Driver/Src/stm32g4xx_hal_rcc.c.obj
 .debug_aranges
                0x00000348      0x128 cmake/stm32cubemx/CMakeFiles/STM32_Drivers.dir/__/__/Drivers/STM32G4xx_HAL_Driver/Src/stm32g4xx_hal_cortex.c.obj
 .debug_aranges
                0x00000470       0x30 CMakeFiles/g431test_cmake.dir/Core/Src/main.c.obj
 .debug_aranges
                0x000004a0       0x20 CMakeFiles/g431test_cmake.dir/Core/Src/gpio.c.obj
 .debug_aranges
                0x000004c0       0x60 CMakeFiles/g431test_cmake.dir/Core/Src/stm32g4xx_it.c.obj
 .debug_aranges
                0x00000520       0x20 CMakeFiles/g431test_cmake.dir/Core/Src/stm32g4xx_hal_msp.c.obj
 .debug_aranges
                0x00000540       0x28 CMakeFiles/g431test_cmake.dir/startup_stm32g431xx.s.obj
 .debug_aranges
                0x00000568       0x28 CMakeFiles/g431test_cmake.dir/App/Src/bms_main.c.obj

.debug_rnglists
                0x00000000      0x404
 .debug_rnglists
                0x00000000       0x1a cmake/stm32cubemx/CMakeFiles/STM32_Drivers.dir/__/__/Core/Src/system_stm32g4xx.c.obj
 .debug_rnglists
                0x0000001a       0xf1 cmake/stm32cubemx/CMakeFiles/STM32_Drivers.dir/__/__/Drivers/STM32G4xx_HAL_Driver/Src/stm32g4xx_hal_pwr_ex.c.obj
 .debug_rnglists
                0x0000010b       0xf1 cmake/stm32cubemx/CMakeFiles/STM32_Drivers.dir/__/__/Drivers/STM32G4xx_HAL_Driver/Src/stm32g4xx_hal.c.obj
 .debug_rnglists
                0x000001fc       0x74 cmake/stm32cubemx/CMakeFiles/STM32_Drivers.dir/__/__/Drivers/STM32G4xx_HAL_Driver/Src/stm32g4xx_hal_rcc.c.obj
 .debug_rnglists
                0x00000270       0xd9 cmake/stm32cubemx/CMakeFiles/STM32_Drivers.dir/__/__/Drivers/STM32G4xx_HAL_Driver/Src/stm32g4xx_hal_cortex.c.obj
 .debug_rnglists
                0x00000349       0x20 CMakeFiles/g431test_cmake.dir/Core/Src/main.c.obj
 .debug_rnglists
                0x00000369       0x13 CMakeFiles/g431test_cmake.dir/Core/Src/gpio.c.obj
 .debug_rnglists
                0x0000037c       0x43 CMakeFiles/g431test_cmake.dir/Core/Src/stm32g4xx_it.c.obj
 .debug_rnglists
                0x000003bf       0x13 CMakeFiles/g431test_cmake.dir/Core/Src/stm32g4xx_hal_msp.c.obj
 .debug_rnglists
                0x000003d2       0x19 CMakeFiles/g431test_cmake.dir/startup_stm32g431xx.s.obj
 .debug_rnglists
                0x000003eb       0x19 CMakeFiles/g431test_cmake.dir/App/Src/bms_main.c.obj

.debug_macro    0x00000000    0x1b4fb
 .debug_macro   0x00000000      0x1a6 cmake/stm32cubemx/CMakeFiles/STM32_Drivers.dir/__/__/Core/Src/system_stm32g4xx.c.obj
 .debug_macro   0x000001a6      0xaea cmake/stm32cubemx/CMakeFiles/STM32_Drivers.dir/__/__/Core/Src/system_stm32g4xx.c.obj
 .debug_macro   0x00000c90       0x2e cmake/stm32cubemx/CMakeFiles/STM32_Drivers.dir/__/__/Core/Src/system_stm32g4xx.c.obj
 .debug_macro   0x00000cbe       0x28 cmake/stm32cubemx/CMakeFiles/STM32_Drivers.dir/__/__/Core/Src/system_stm32g4xx.c.obj
 .debug_macro   0x00000ce6       0x22 cmake/stm32cubemx/CMakeFiles/STM32_Drivers.dir/__/__/Core/Src/system_stm32g4xx.c.obj
 .debug_macro   0x00000d08       0x8e cmake/stm32cubemx/CMakeFiles/STM32_Drivers.dir/__/__/Core/Src/system_stm32g4xx.c.obj
 .debug_macro   0x00000d96       0x51 cmake/stm32cubemx/CMakeFiles/STM32_Drivers.dir/__/__/Core/Src/system_stm32g4xx.c.obj
 .debug_macro   0x00000de7      0x103 cmake/stm32cubemx/CMakeFiles/STM32_Drivers.dir/__/__/Core/Src/system_stm32g4xx.c.obj
 .debug_macro   0x00000eea       0x6a cmake/stm32cubemx/CMakeFiles/STM32_Drivers.dir/__/__/Core/Src/system_stm32g4xx.c.obj
 .debug_macro   0x00000f54      0x1df cmake/stm32cubemx/CMakeFiles/STM32_Drivers.dir/__/__/Core/Src/system_stm32g4xx.c.obj
 .debug_macro   0x00001133       0x1c cmake/stm32cubemx/CMakeFiles/STM32_Drivers.dir/__/__/Core/Src/system_stm32g4xx.c.obj
 .debug_macro   0x0000114f       0x22 cmake/stm32cubemx/CMakeFiles/STM32_Drivers.dir/__/__/Core/Src/system_stm32g4xx.c.obj
 .debug_macro   0x00001171       0xfb cmake/stm32cubemx/CMakeFiles/STM32_Drivers.dir/__/__/Core/Src/system_stm32g4xx.c.obj
 .debug_macro   0x0000126c     0x1011 cmake/stm32cubemx/CMakeFiles/STM32_Drivers.dir/__/__/Core/Src/system_stm32g4xx.c.obj
 .debug_macro   0x0000227d      0x11f cmake/stm32cubemx/CMakeFiles/STM32_Drivers.dir/__/__/Core/Src/system_stm32g4xx.c.obj
 .debug_macro   0x0000239c    0x1138f cmake/stm32cubemx/CMakeFiles/STM32_Drivers.dir/__/__/Core/Src/system_stm32g4xx.c.obj
 .debug_macro   0x0001372b       0x6d cmake/stm32cubemx/CMakeFiles/STM32_Drivers.dir/__/__/Core/Src/system_stm32g4xx.c.obj
 .debug_macro   0x00013798      0x14f cmake/stm32cubemx/CMakeFiles/STM32_Drivers.dir/__/__/Core/Src/system_stm32g4xx.c.obj
 .debug_macro   0x000138e7     0x3558 cmake/stm32cubemx/CMakeFiles/STM32_Drivers.dir/__/__/Core/Src/system_stm32g4xx.c.obj
 .debug_macro   0x00016e3f      0x190 cmake/stm32cubemx/CMakeFiles/STM32_Drivers.dir/__/__/Core/Src/system_stm32g4xx.c.obj
 .debug_macro   0x00016fcf       0x5c cmake/stm32cubemx/CMakeFiles/STM32_Drivers.dir/__/__/Core/Src/system_stm32g4xx.c.obj
 .debug_macro   0x0001702b     0x141d cmake/stm32cubemx/CMakeFiles/STM32_Drivers.dir/__/__/Core/Src/system_stm32g4xx.c.obj
 .debug_macro   0x00018448      0x535 cmake/stm32cubemx/CMakeFiles/STM32_Drivers.dir/__/__/Core/Src/system_stm32g4xx.c.obj
 .debug_macro   0x0001897d      0x1b6 cmake/stm32cubemx/CMakeFiles/STM32_Drivers.dir/__/__/Core/Src/system_stm32g4xx.c.obj
 .debug_macro   0x00018b33      0x288 cmake/stm32cubemx/CMakeFiles/STM32_Drivers.dir/__/__/Core/Src/system_stm32g4xx.c.obj
 .debug_macro   0x00018dbb      0x41d cmake/stm32cubemx/CMakeFiles/STM32_Drivers.dir/__/__/Core/Src/system_stm32g4xx.c.obj
 .debug_macro   0x000191d8      0x18b cmake/stm32cubemx/CMakeFiles/STM32_Drivers.dir/__/__/Core/Src/system_stm32g4xx.c.obj
 .debug_macro   0x00019363       0x43 cmake/stm32cubemx/CMakeFiles/STM32_Drivers.dir/__/__/Core/Src/system_stm32g4xx.c.obj
 .debug_macro   0x000193a6      0x23d cmake/stm32cubemx/CMakeFiles/STM32_Drivers.dir/__/__/Core/Src/system_stm32g4xx.c.obj
 .debug_macro   0x000195e3      0x211 cmake/stm32cubemx/CMakeFiles/STM32_Drivers.dir/__/__/Core/Src/system_stm32g4xx.c.obj
 .debug_macro   0x000197f4      0x401 cmake/stm32cubemx/CMakeFiles/STM32_Drivers.dir/__/__/Core/Src/system_stm32g4xx.c.obj
 .debug_macro   0x00019bf5      0x107 cmake/stm32cubemx/CMakeFiles/STM32_Drivers.dir/__/__/Core/Src/system_stm32g4xx.c.obj
 .debug_macro   0x00019cfc      0x122 cmake/stm32cubemx/CMakeFiles/STM32_Drivers.dir/__/__/Core/Src/system_stm32g4xx.c.obj
 .debug_macro   0x00019e1e      0x3d1 cmake/stm32cubemx/CMakeFiles/STM32_Drivers.dir/__/__/Core/Src/system_stm32g4xx.c.obj
 .debug_macro   0x0001a1ef      0x306 cmake/stm32cubemx/CMakeFiles/STM32_Drivers.dir/__/__/Core/Src/system_stm32g4xx.c.obj
 .debug_macro   0x0001a4f5      0x1d0 cmake/stm32cubemx/CMakeFiles/STM32_Drivers.dir/__/__/Drivers/STM32G4xx_HAL_Driver/Src/stm32g4xx_hal_pwr_ex.c.obj
 .debug_macro   0x0001a6c5      0x1f4 cmake/stm32cubemx/CMakeFiles/STM32_Drivers.dir/__/__/Drivers/STM32G4xx_HAL_Driver/Src/stm32g4xx_hal.c.obj
 .debug_macro   0x0001a8b9      0x1e8 cmake/stm32cubemx/CMakeFiles/STM32_Drivers.dir/__/__/Drivers/STM32G4xx_HAL_Driver/Src/stm32g4xx_hal_rcc.c.obj
 .debug_macro   0x0001aaa1      0x1a6 cmake/stm32cubemx/CMakeFiles/STM32_Drivers.dir/__/__/Drivers/STM32G4xx_HAL_Driver/Src/stm32g4xx_hal_cortex.c.obj
 .debug_macro   0x0001ac47      0x1c8 CMakeFiles/g431test_cmake.dir/Core/Src/main.c.obj
 .debug_macro   0x0001ae0f      0x1ba CMakeFiles/g431test_cmake.dir/Core/Src/gpio.c.obj
 .debug_macro   0x0001afc9      0x1ba CMakeFiles/g431test_cmake.dir/Core/Src/stm32g4xx_it.c.obj
 .debug_macro   0x0001b183      0x1b0 CMakeFiles/g431test_cmake.dir/Core/Src/stm32g4xx_hal_msp.c.obj
 .debug_macro   0x0001b333      0x1c8 CMakeFiles/g431test_cmake.dir/App/Src/bms_main.c.obj

.debug_line     0x00000000     0x523c
 .debug_line    0x00000000      0x5f7 cmake/stm32cubemx/CMakeFiles/STM32_Drivers.dir/__/__/Core/Src/system_stm32g4xx.c.obj
 .debug_line    0x000005f7      0xb26 cmake/stm32cubemx/CMakeFiles/STM32_Drivers.dir/__/__/Drivers/STM32G4xx_HAL_Driver/Src/stm32g4xx_hal_pwr_ex.c.obj
 .debug_line    0x0000111d      0x9c6 cmake/stm32cubemx/CMakeFiles/STM32_Drivers.dir/__/__/Drivers/STM32G4xx_HAL_Driver/Src/stm32g4xx_hal.c.obj
 .debug_line    0x00001ae3      0xe46 cmake/stm32cubemx/CMakeFiles/STM32_Drivers.dir/__/__/Drivers/STM32G4xx_HAL_Driver/Src/stm32g4xx_hal_rcc.c.obj
 .debug_line    0x00002929      0xb3a cmake/stm32cubemx/CMakeFiles/STM32_Drivers.dir/__/__/Drivers/STM32G4xx_HAL_Driver/Src/stm32g4xx_hal_cortex.c.obj
 .debug_line    0x00003463      0x644 CMakeFiles/g431test_cmake.dir/Core/Src/main.c.obj
 .debug_line    0x00003aa7      0x587 CMakeFiles/g431test_cmake.dir/Core/Src/gpio.c.obj
 .debug_line    0x0000402e      0x639 CMakeFiles/g431test_cmake.dir/Core/Src/stm32g4xx_it.c.obj
 .debug_line    0x00004667      0x58b CMakeFiles/g431test_cmake.dir/Core/Src/stm32g4xx_hal_msp.c.obj
 .debug_line    0x00004bf2       0x7b CMakeFiles/g431test_cmake.dir/startup_stm32g431xx.s.obj
 .debug_line    0x00004c6d      0x5cf CMakeFiles/g431test_cmake.dir/App/Src/bms_main.c.obj

.debug_str      0x00000000    0xac113
 .debug_str     0x00000000    0xac113 cmake/stm32cubemx/CMakeFiles/STM32_Drivers.dir/__/__/Core/Src/system_stm32g4xx.c.obj
                              0xaa6bb (size before relaxing)
 .debug_str     0x000ac113        0x0 cmake/stm32cubemx/CMakeFiles/STM32_Drivers.dir/__/__/Drivers/STM32G4xx_HAL_Driver/Src/stm32g4xx_hal_pwr_ex.c.obj
                              0xaaba9 (size before relaxing)
 .debug_str     0x000ac113        0x0 cmake/stm32cubemx/CMakeFiles/STM32_Drivers.dir/__/__/Drivers/STM32G4xx_HAL_Driver/Src/stm32g4xx_hal.c.obj
                              0xab1fa (size before relaxing)
 .debug_str     0x000ac113        0x0 cmake/stm32cubemx/CMakeFiles/STM32_Drivers.dir/__/__/Drivers/STM32G4xx_HAL_Driver/Src/stm32g4xx_hal_rcc.c.obj
                              0xaadb4 (size before relaxing)
 .debug_str     0x000ac113        0x0 cmake/stm32cubemx/CMakeFiles/STM32_Drivers.dir/__/__/Drivers/STM32G4xx_HAL_Driver/Src/stm32g4xx_hal_cortex.c.obj
                              0xaaeb6 (size before relaxing)
 .debug_str     0x000ac113        0x0 CMakeFiles/g431test_cmake.dir/Core/Src/main.c.obj
                              0xaa6ad (size before relaxing)
 .debug_str     0x000ac113        0x0 CMakeFiles/g431test_cmake.dir/Core/Src/gpio.c.obj
                              0xaa60b (size before relaxing)
 .debug_str     0x000ac113        0x0 CMakeFiles/g431test_cmake.dir/Core/Src/stm32g4xx_it.c.obj
                              0xaa53b (size before relaxing)
 .debug_str     0x000ac113        0x0 CMakeFiles/g431test_cmake.dir/Core/Src/stm32g4xx_hal_msp.c.obj
                              0xaa62c (size before relaxing)
 .debug_str     0x000ac113        0x0 CMakeFiles/g431test_cmake.dir/startup_stm32g431xx.s.obj
                                 0x84 (size before relaxing)
 .debug_str     0x000ac113        0x0 CMakeFiles/g431test_cmake.dir/App/Src/bms_main.c.obj
                              0xaa4b6 (size before relaxing)

.debug_frame    0x00000000     0x13ec
 .debug_frame   0x00000000       0x58 cmake/stm32cubemx/CMakeFiles/STM32_Drivers.dir/__/__/Core/Src/system_stm32g4xx.c.obj
 .debug_frame   0x00000058      0x4fc cmake/stm32cubemx/CMakeFiles/STM32_Drivers.dir/__/__/Drivers/STM32G4xx_HAL_Driver/Src/stm32g4xx_hal_pwr_ex.c.obj
 .debug_frame   0x00000554      0x500 cmake/stm32cubemx/CMakeFiles/STM32_Drivers.dir/__/__/Drivers/STM32G4xx_HAL_Driver/Src/stm32g4xx_hal.c.obj
 .debug_frame   0x00000a54      0x23c cmake/stm32cubemx/CMakeFiles/STM32_Drivers.dir/__/__/Drivers/STM32G4xx_HAL_Driver/Src/stm32g4xx_hal_rcc.c.obj
 .debug_frame   0x00000c90      0x4e8 cmake/stm32cubemx/CMakeFiles/STM32_Drivers.dir/__/__/Drivers/STM32G4xx_HAL_Driver/Src/stm32g4xx_hal_cortex.c.obj
 .debug_frame   0x00001178       0x68 CMakeFiles/g431test_cmake.dir/Core/Src/main.c.obj
 .debug_frame   0x000011e0       0x38 CMakeFiles/g431test_cmake.dir/Core/Src/gpio.c.obj
 .debug_frame   0x00001218      0x104 CMakeFiles/g431test_cmake.dir/Core/Src/stm32g4xx_it.c.obj
 .debug_frame   0x0000131c       0x34 CMakeFiles/g431test_cmake.dir/Core/Src/stm32g4xx_hal_msp.c.obj
 .debug_frame   0x00001350       0x50 CMakeFiles/g431test_cmake.dir/App/Src/bms_main.c.obj
 .debug_frame   0x000013a0       0x20 D:/coding_tools/arm-gnu-toolchain-rel1-eabi/bin/../lib/gcc/arm-none-eabi/15.2.1/../../../../arm-none-eabi/lib/thumb/v7e-m+fp/hard\libg_nano.a(libc_a-memset.o)
 .debug_frame   0x000013c0       0x2c D:/coding_tools/arm-gnu-toolchain-rel1-eabi/bin/../lib/gcc/arm-none-eabi/15.2.1/../../../../arm-none-eabi/lib/thumb/v7e-m+fp/hard\libg_nano.a(libc_a-init.o)

.debug_line_str
                0x00000000       0x68
 .debug_line_str
                0x00000000       0x68 CMakeFiles/g431test_cmake.dir/startup_stm32g431xx.s.obj
